// Jest Snapshot v1, https://goo.gl/fbAQLP

exports[`renderiza corretamente 1`] = `
<div
  className="search-books"
>
  <div
    className="search-books-bar"
  >
    <Link
      className="close-search"
      replace={false}
      to="/"
    >
      Close
    </Link>
    <div
      className="search-books-input-wrapper"
    >
      <input
        onChange={[Function]}
        placeholder="Search by title or author"
        type="text"
        value=""
      />
    </div>
  </div>
  <div
    className="search-books-results"
  >
    <ol
      className="books-grid"
    />
  </div>
</div>
`;
